// Jest Snapshot v1, https://goo.gl/fbAQLP

exports[`<HomePage /> should render and match the snapshot 1`] = `"<div class=\\"MuiGrid-root Grid-sc-1hkmrvu-0 fyVOah MuiGrid-container\\"><div class=\\"MuiGrid-root Grid-sc-1hkmrvu-0 fyVOah MuiGrid-item MuiGrid-grid-xs-12\\"><h1 class=\\"H1-sc-1hnsqhn-0 bLGcwG\\"><span>This is the HomePage container!</span></h1><hr class=\\"MuiDivider-root Divider-l75xrl-0 eHOPFw\\"></div><div class=\\"MuiGrid-root Grid-sc-1hkmrvu-0 fyVOah MuiGrid-item MuiGrid-grid-xs-12 MuiGrid-grid-md-3\\"><div class=\\"MuiPaper-root MuiPaper-elevation1 Paper-t524pg-0 oIHsO MuiPaper-rounded\\"></div></div><div class=\\"MuiGrid-root Grid-sc-1hkmrvu-0 fyVOah MuiGrid-item MuiGrid-grid-xs-12 MuiGrid-grid-md-9\\"><div class=\\"MuiPaper-root MuiPaper-elevation1 Paper-t524pg-0 oIHsO MuiPaper-rounded\\"></div></div></div>"`;
