// Jest Snapshot v1, https://goo.gl/fbAQLP

exports[`<Toggle /> render should contain default text 1`] = `"<select><option value=\\"en\\">someContent</option><option value=\\"pl\\">someOtherContent</option></select>"`;
