// Jest Snapshot v1, https://goo.gl/fbAQLP

exports[`<LocaleToggle /> render should match the snapshot 1`] = `"<div class=\\"Wrapper-sc-1k1j1l-0 YFgOt\\"><div class=\\"MuiInputBase-root\\"><div class=\\"MuiSelect-root MuiSelect-select MuiSelect-selectMenu MuiInputBase-input MuiInputBase-inputSelect\\" tabindex=\\"0\\" role=\\"button\\" aria-haspopup=\\"listbox\\">en</div><input type=\\"hidden\\" value=\\"en\\"><svg class=\\"MuiSvgIcon-root MuiSelect-icon\\" focusable=\\"false\\" viewBox=\\"0 0 24 24\\" aria-hidden=\\"true\\" role=\\"presentation\\"><path d=\\"M7 10l5 5 5-5z\\"></path></svg></div></div>"`;
