// Jest Snapshot v1, https://goo.gl/fbAQLP

exports[`<ProfilePage /> should render and match the snapshot 1`] = `
<h1>
  <span>
    This is the ProfilePage container!
  </span>
</h1>
`;
