// Jest Snapshot v1, https://goo.gl/fbAQLP

exports[`<App /> should match snapshot 1`] = `
<div>
  <Navbar />
  <ContentWrapper
    className=""
  >
    <Switch>
      <Route
        component={[Function]}
        exact={true}
        path="/"
      />
      <Route
        component={[Function]}
        exact={true}
        path="/profile"
      />
      <Route
        component={[Function]}
      />
    </Switch>
    <Footer />
  </ContentWrapper>
  <Connect(Sidebar) />
</div>
`;
