// Jest Snapshot v1, https://goo.gl/fbAQLP

exports[`<NotFoundPage /> should render and match the snapshot 1`] = `"<div class=\\"MuiGrid-root Grid-sc-1hkmrvu-0 fyVOah MuiGrid-container\\"><div class=\\"MuiGrid-root Grid-sc-1hkmrvu-0 fyVOah MuiGrid-item MuiGrid-grid-xs-12\\"><h1 class=\\"H1-sc-1hnsqhn-0 bLGcwG\\"><span>404 Not found!</span></h1><hr class=\\"MuiDivider-root Divider-l75xrl-0 eHOPFw\\"></div></div>"`;
